  Identification des projets à restaurer...
  Tous les projets sont à jour pour la restauration.
C:\Users\eliem\Documents\GitHub\NotifySync\NotifyController.cs(304,35): error SA1028: Code should not contain trailing whitespace (https://github.com/DotNetAnalyzers/StyleCopAnalyzers/blob/master/documentation/SA1028.md) [C:\Users\eliem\Documents\GitHub\NotifySync\NotifySync.csproj]

ÉCHEC de la build.

C:\Users\eliem\Documents\GitHub\NotifySync\NotifyController.cs(304,35): error SA1028: Code should not contain trailing whitespace (https://github.com/DotNetAnalyzers/StyleCopAnalyzers/blob/master/documentation/SA1028.md) [C:\Users\eliem\Documents\GitHub\NotifySync\NotifySync.csproj]
    0 Avertissement(s)
    1 Erreur(s)

Temps écoulé 00:00:00.67
